// Jest Snapshot v1, https://goo.gl/fbAQLP

exports[`ContextMenuTrigger Component matches snapshot 1`] = `
<ContextMenuTrigger
  attributes={Object {}}
  collect={[Function]}
  disable={false}
  disableIfShiftIsPressed={false}
  holdToDisplay={1000}
  id="idtype"
  posX={0}
  posY={0}
  renderTag="div"
>
  <div />
</ContextMenuTrigger>
`;
